// Jest Snapshot v1, https://goo.gl/fbAQLP

exports[`snaphot MessegeBox snapshot 1`] = `
<styled.div
  show={true}
>
  Client error: Server couldn't find what you want
  <styled.div>
    <CloseIcon
      id="closeIcon"
      onClick={[Function]}
    />
  </styled.div>
</styled.div>
`;
